// Jest Snapshot v1, https://goo.gl/fbAQLP

exports[`Auth page render 1`] = `
<DocumentFragment>
  <div
    class="pagePreloader"
  >
    <div
      class="containerLoader"
    >
      <div
        class="blockLoader"
      >
        <div
          class="inner inner_one"
        />
        <div
          class="inner inner_two"
        />
        <div
          class="inner inner_three"
        />
      </div>
    </div>
  </div>
</DocumentFragment>
`;
