// Jest Snapshot v1, https://goo.gl/fbAQLP

exports[`ForgetForm Snapshot 1`] = `
<DocumentFragment>
  <div
    class="blockForm"
  >
    <div
      class="formBanner"
    >
      <img
        alt=""
        src="bg-head-form.jpg"
      />
    </div>
    <div
      class="containerFields"
    >
      <h2
        class="formTitle"
      >
        Forgotten Your Password?
      </h2>
      <form>
        <div
          class="formBlockField formBlock__field"
        >
          <input
            autocomplete="on"
            class="formField"
            data-testid="input_email"
            name="email"
            type="text"
            value=""
          />
          <div
            class="formLabel"
          >
            <label
              for="email"
            >
              Your email
            </label>
          </div>
        </div>
        <div
          class="formTextError formServer__error"
        />
        <div>
          <button
            class="formBtn formBtn_hover formBtn_active formBtn_focus"
            type="submit"
          >
            Send Email
          </button>
        </div>
      </form>
      <div
        class="formFooter footer__form"
      >
        <a
          class=""
          href="/auth/"
        >
          Authorize
        </a>
        <a
          class=""
          href="/registration/"
        >
          registration
        </a>
      </div>
    </div>
  </div>
</DocumentFragment>
`;
